args: (1, 4) => 5
args: (1, 3) => 4
args: (2, 4) => 6
args: (2, 3) => 5
